eeschema (2012-01-19 BZR 3256)-stable  >> Creation date: Thu 18 Jul 2013 06:01:27 PM PDT

#Cmp ( order = Reference )
| C1         10uF        ; 0805        ; 0.11        
| C2         0.1uF       ;             ; 0.01152     ; Digikey     ; 1276-1007-1-ND
| C3         10uF        ; 0805        ; 0.11        
| C4         0.1uF       ;             ; 0.01152     ; Digikey     ; 1276-1007-1-ND
| C5         0.1uF       ;             ; 0.01152     ; Digikey     ; 1276-1007-1-ND
| C6         0.1uF       ;             ; 0.01152     ; Digikey     ; 1276-1007-1-ND
| C7         0.1uF       ;             ; 0.01152     ; Digikey     ; 1276-1007-1-ND
| C8         0.1uF       ;             ; 0.01152     ; Digikey     ; 1276-1007-1-ND
| C9         1mF         ; 8.3mmx8.3mm ; 0.81        ; Digikey     ; PCE3855CT-ND
| C10        10uF        ; 1206        ; 0.536       ; Digikey     ; 478-1821-1-ND
| C11        0.1uF       ;             ; 0.01152     ; Digikey     ; 1276-1007-1-ND
| C12        0.1uF       ;             ; 0.01152     ; Digikey     ; 1276-1007-1-ND
| C13        0.1uF       ;             ; 0.01152     ; Digikey     ; 1276-1007-1-ND
| C14        0.1uF       ;             ; 0.01152     ; Digikey     ; 1276-1007-1-ND
| C15        1uF         ;             
| C16        0.1uF       ;             ; 0.01152     ; Digikey     ; 1276-1007-1-ND
| C17        0.1uF       ;             ; 0.01152     ; Digikey     ; 1276-1007-1-ND
| C18        0.1uF       ;             ; 0.01152     ; Digikey     ; 1276-1007-1-ND
| C19        0.1uF       ;             ; 0.01152     ; Digikey     ; 1276-1007-1-ND
| C20        0.1uF       ;             ; 0.01152     ; Digikey     ; 1276-1007-1-ND
| C21        0.1uF       ;             ; 0.01152     ; Digikey     ; 1276-1007-1-ND
| C22        2.2nF       ;             
| C23        0.1uF       ;             ; 0.01152     ; Digikey     ; 1276-1007-1-ND
| C24        0.1uF       ;             ; 0.01152     ; Digikey     ; 1276-1007-1-ND
| C25        1uF         ;             
| C26        0.1uF       ;             ; 0.01152     ; Digikey     ; 1276-1007-1-ND
| C27        0.1uF       ;             ; 0.01152     ; Digikey     ; 1276-1007-1-ND
| C28        0.1uF       ;             ; 0.01152     ; Digikey     ; 1276-1007-1-ND
| C29        0.1uF       ;             ; 0.01152     ; Digikey     ; 1276-1007-1-ND
| C30        0.1uF       ;             ; 0.01152     ; Digikey     ; 1276-1007-1-ND
| C31        1uF         ;             
| C32        10uF        ; 0805        ; 0.11        
| C33        1uF         ; 0805        ; 0.059       ; Digikey     ; 311-1358-1-ND
| C34        0.1uF       ;             ; 0.01152     ; Digikey     ; 1276-1007-1-ND
| C35        0.1uF       ;             ; 0.01152     ; Digikey     ; 1276-1007-1-ND
| C36        0.1uF       ;             ; 0.01152     ; Digikey     ; 1276-1007-1-ND
| C37        0.1uF       ;             ; 0.01152     ; Digikey     ; 1276-1007-1-ND
| C38        0.1uF       ;             ; 0.01152     ; Digikey     ; 1276-1007-1-ND
| C39        0.1uF       ;             ; 0.01152     ; Digikey     ; 1276-1007-1-ND
| D1         LED-G-2     ; 0805        ; 0.068       ; Digikey     ; 475-1410-1-ND
| D2         LED-Y-22    ; 0805        ; 0.072       ; Digikey     ; 475-2560-1-ND
| D3         LED-R-18    ; 0805        ; 0.068       ; Digikey     ; 475-1415-1-ND
| D4         LED-G-2     ; 0805        ; 0.068       ; Digikey     ; 475-1410-1-ND
| D5         LED-B-285   ; 0603        ; 0.194       ; Digikey     ; 475-2815-1-ND
| D6         LED-G-2     ; 0805        ; 0.068       ; Digikey     ; 475-1410-1-ND
| JP1        JUMPER      ;             
| P1         CONN_6      ;             
| P2         CONN_2      ;             
| P3         CONN_2      ;             
| P4         CONN_7X2    ;             
| P5         CONN_3      ;             
| P6         CONN_9X2    ;             
| P7         CONN_9X2    ;             
| P8         CONN_2      ;             
| P9         CONN_10     ;             
| P10        CONN_10     ;             
| P11        CONN_2      ;             
| P12        CONN_2      ;             
| R1         10k         ; 0805        ; 0.029       ; Digikey     ; RMCF0805FT10K0CT-ND
| R2         10k         ; 0805        ; 0.029       ; Digikey     ; RMCF0805FT10K0CT-ND
| R3         154k        ; 0805        ; 0.029       ; Digikey     ; RMCF0805FT154KCT-ND
| R4         470         ; 0805        ; 0.0.029     ; Digikey     ; RMCF0805FT470RCT-ND
| R5         330         ; 0805        
| R6         51          ; 0805        ; 0.0.021     ; Digikey     ; RMCF0805JT51R0CT-ND
| R7         200         ; 0805        ; 0.029       ; Digikey     ; RMCF0805JT200RCT-ND
| R8         30          ; 0805        ; 0.029       ; Digikey     ; RMCF0805JT30R0CT-ND
| R9         30          ; 0805        ; 0.029       ; Digikey     ; RMCF0805JT30R0CT-ND
| R10        200         ; 0805        ; 0.029       ; Digikey     ; RMCF0805JT200RCT-ND
| R11        200         ; 0805        ; 0.029       ; Digikey     ; RMCF0805JT200RCT-ND
| R12        200         ; 0805        ; 0.029       ; Digikey     ; RMCF0805JT200RCT-ND
| R13        120         ; 0805        ; 0.021       ; Digikey     ; RMCF0805JT120RCT-ND
| R14        4.7k        ; 0805        ; 0.021       ; Digikey     ; RMCF0805JT4K70CT-ND
| R15        4.7k        ; 0805        ; 0.021       ; Digikey     ; RMCF0805JT4K70CT-ND
| R16        200         ; 0805        ; 0.029       ; Digikey     ; RMCF0805JT200RCT-ND
| R17        200         ; 0805        ; 0.029       ; Digikey     ; RMCF0805JT200RCT-ND
| R18        100         ; 0805        ; 0.021       ; Digikey     ; RMCF0805JT100RCT-ND
| R19        4.7k        ; 0805        ; 0.021       ; Digikey     ; RMCF0805JT4K70CT-ND
| R20        4.7k        ; 0805        ; 0.021       ; Digikey     ; RMCF0805JT4K70CT-ND
| R21        100         ; 0805        ; 0.021       ; Digikey     ; RMCF0805JT100RCT-ND
| R22        51          ; 0805        ; 0.0.021     ; Digikey     ; RMCF0805JT51R0CT-ND
| R23        4.7k        ; 0805        ; 0.021       ; Digikey     ; RMCF0805JT4K70CT-ND
| R24        4.7k        ; 0805        ; 0.021       ; Digikey     ; RMCF0805JT4K70CT-ND
| R25        100         ; 0805        ; 0.021       ; Digikey     ; RMCF0805JT100RCT-ND
| R26        100         ; 0805        ; 0.021       ; Digikey     ; RMCF0805JT100RCT-ND
| R27        100         ; 0805        ; 0.021       ; Digikey     ; RMCF0805JT100RCT-ND
| R28        100         ; 0805        ; 0.021       ; Digikey     ; RMCF0805JT100RCT-ND
| R29        100         ; 0805        ; 0.021       ; Digikey     ; RMCF0805JT100RCT-ND
| R30        100         ; 0805        ; 0.021       ; Digikey     ; RMCF0805JT100RCT-ND
| SW1        SW_PUSH     ;             
| U1         AP7363-33   ; TO-252-3    ; 0.61        ; Digikey     ; AP7363-33D-13CT-ND
| U2         TPS2113A    ; 8-TSSOP     ; 2.15        ; Digikey     ; 296-16938-1-ND
| U3         RESISTOR_ARRAY; SOIC-16     ; 3.96        ; Digikey     ; 987-1076-ND 
| U4         RGB_LED     ; 4-PLCC      ; 0.65        ; Digikey     ; CLVBA-FKA-CC1F1L1BB7R3R3CT-ND
| U5         SN65HVD232  ; 8-SOIC      ; 2.01        ; Digikey     ; 296-26344-1-ND
| U6         DSPIC33ExxxMC50x-64TQFP; TQFP-64     ; 5.21        ; Digikey     ; DSPIC33EP128GP506-I/PT-ND
| U7         AD7193      ; 28-TSSOP    ; 10.85       ; Digikey     ; AD7193BRUZ-ND
| U8         AS1359-3    ; TOST23-5    ; 1.75        ; Digikey     ; AS1359-BTTT-30CT-ND
| U20        MAG3110     ; 10-VFDFN    ; 1.37        ; Digikey     ; MAG3110FCR1CT-ND
| U22        MPU-6000    ; 24-QFN      ; 10.72       ; Digikey     ; 1428-1005-1-ND
| U23        SI1970DH    ; 6-TSSOP     ; 0.53        ; Digikey     ; SI1970DH-T1-E3CT-ND
#End Cmp

#Cmp ( order = Value )
| 0.1uF        C2        ;             ; 0.01152     ; Digikey     ; 1276-1007-1-ND
| 0.1uF        C4        ;             ; 0.01152     ; Digikey     ; 1276-1007-1-ND
| 0.1uF        C5        ;             ; 0.01152     ; Digikey     ; 1276-1007-1-ND
| 0.1uF        C6        ;             ; 0.01152     ; Digikey     ; 1276-1007-1-ND
| 0.1uF        C7        ;             ; 0.01152     ; Digikey     ; 1276-1007-1-ND
| 0.1uF        C8        ;             ; 0.01152     ; Digikey     ; 1276-1007-1-ND
| 0.1uF        C11       ;             ; 0.01152     ; Digikey     ; 1276-1007-1-ND
| 0.1uF        C12       ;             ; 0.01152     ; Digikey     ; 1276-1007-1-ND
| 0.1uF        C13       ;             ; 0.01152     ; Digikey     ; 1276-1007-1-ND
| 0.1uF        C14       ;             ; 0.01152     ; Digikey     ; 1276-1007-1-ND
| 0.1uF        C16       ;             ; 0.01152     ; Digikey     ; 1276-1007-1-ND
| 0.1uF        C17       ;             ; 0.01152     ; Digikey     ; 1276-1007-1-ND
| 0.1uF        C18       ;             ; 0.01152     ; Digikey     ; 1276-1007-1-ND
| 0.1uF        C19       ;             ; 0.01152     ; Digikey     ; 1276-1007-1-ND
| 0.1uF        C20       ;             ; 0.01152     ; Digikey     ; 1276-1007-1-ND
| 0.1uF        C21       ;             ; 0.01152     ; Digikey     ; 1276-1007-1-ND
| 0.1uF        C23       ;             ; 0.01152     ; Digikey     ; 1276-1007-1-ND
| 0.1uF        C24       ;             ; 0.01152     ; Digikey     ; 1276-1007-1-ND
| 0.1uF        C26       ;             ; 0.01152     ; Digikey     ; 1276-1007-1-ND
| 0.1uF        C27       ;             ; 0.01152     ; Digikey     ; 1276-1007-1-ND
| 0.1uF        C28       ;             ; 0.01152     ; Digikey     ; 1276-1007-1-ND
| 0.1uF        C29       ;             ; 0.01152     ; Digikey     ; 1276-1007-1-ND
| 0.1uF        C30       ;             ; 0.01152     ; Digikey     ; 1276-1007-1-ND
| 0.1uF        C34       ;             ; 0.01152     ; Digikey     ; 1276-1007-1-ND
| 0.1uF        C35       ;             ; 0.01152     ; Digikey     ; 1276-1007-1-ND
| 0.1uF        C36       ;             ; 0.01152     ; Digikey     ; 1276-1007-1-ND
| 0.1uF        C37       ;             ; 0.01152     ; Digikey     ; 1276-1007-1-ND
| 0.1uF        C38       ;             ; 0.01152     ; Digikey     ; 1276-1007-1-ND
| 0.1uF        C39       ;             ; 0.01152     ; Digikey     ; 1276-1007-1-ND
| 100          R18       ; 0805        ; 0.021       ; Digikey     ; RMCF0805JT100RCT-ND
| 100          R21       ; 0805        ; 0.021       ; Digikey     ; RMCF0805JT100RCT-ND
| 100          R25       ; 0805        ; 0.021       ; Digikey     ; RMCF0805JT100RCT-ND
| 100          R26       ; 0805        ; 0.021       ; Digikey     ; RMCF0805JT100RCT-ND
| 100          R27       ; 0805        ; 0.021       ; Digikey     ; RMCF0805JT100RCT-ND
| 100          R28       ; 0805        ; 0.021       ; Digikey     ; RMCF0805JT100RCT-ND
| 100          R29       ; 0805        ; 0.021       ; Digikey     ; RMCF0805JT100RCT-ND
| 100          R30       ; 0805        ; 0.021       ; Digikey     ; RMCF0805JT100RCT-ND
| 10k          R1        ; 0805        ; 0.029       ; Digikey     ; RMCF0805FT10K0CT-ND
| 10k          R2        ; 0805        ; 0.029       ; Digikey     ; RMCF0805FT10K0CT-ND
| 10uF         C1        ; 0805        ; 0.11        
| 10uF         C3        ; 0805        ; 0.11        
| 10uF         C10       ; 1206        ; 0.536       ; Digikey     ; 478-1821-1-ND
| 10uF         C32       ; 0805        ; 0.11        
| 120          R13       ; 0805        ; 0.021       ; Digikey     ; RMCF0805JT120RCT-ND
| 154k         R3        ; 0805        ; 0.029       ; Digikey     ; RMCF0805FT154KCT-ND
| 1mF          C9        ; 8.3mmx8.3mm ; 0.81        ; Digikey     ; PCE3855CT-ND
| 1uF          C15       ;             
| 1uF          C25       ;             
| 1uF          C31       ;             
| 1uF          C33       ; 0805        ; 0.059       ; Digikey     ; 311-1358-1-ND
| 2.2nF        C22       ;             
| 200          R7        ; 0805        ; 0.029       ; Digikey     ; RMCF0805JT200RCT-ND
| 200          R10       ; 0805        ; 0.029       ; Digikey     ; RMCF0805JT200RCT-ND
| 200          R11       ; 0805        ; 0.029       ; Digikey     ; RMCF0805JT200RCT-ND
| 200          R12       ; 0805        ; 0.029       ; Digikey     ; RMCF0805JT200RCT-ND
| 200          R16       ; 0805        ; 0.029       ; Digikey     ; RMCF0805JT200RCT-ND
| 200          R17       ; 0805        ; 0.029       ; Digikey     ; RMCF0805JT200RCT-ND
| 30           R8        ; 0805        ; 0.029       ; Digikey     ; RMCF0805JT30R0CT-ND
| 30           R9        ; 0805        ; 0.029       ; Digikey     ; RMCF0805JT30R0CT-ND
| 330          R5        ; 0805        
| 4.7k         R14       ; 0805        ; 0.021       ; Digikey     ; RMCF0805JT4K70CT-ND
| 4.7k         R15       ; 0805        ; 0.021       ; Digikey     ; RMCF0805JT4K70CT-ND
| 4.7k         R19       ; 0805        ; 0.021       ; Digikey     ; RMCF0805JT4K70CT-ND
| 4.7k         R20       ; 0805        ; 0.021       ; Digikey     ; RMCF0805JT4K70CT-ND
| 4.7k         R23       ; 0805        ; 0.021       ; Digikey     ; RMCF0805JT4K70CT-ND
| 4.7k         R24       ; 0805        ; 0.021       ; Digikey     ; RMCF0805JT4K70CT-ND
| 470          R4        ; 0805        ; 0.0.029     ; Digikey     ; RMCF0805FT470RCT-ND
| 51           R6        ; 0805        ; 0.0.021     ; Digikey     ; RMCF0805JT51R0CT-ND
| 51           R22       ; 0805        ; 0.0.021     ; Digikey     ; RMCF0805JT51R0CT-ND
| AD7193       U7        ; 28-TSSOP    ; 10.85       ; Digikey     ; AD7193BRUZ-ND
| AP7363-33    U1        ; TO-252-3    ; 0.61        ; Digikey     ; AP7363-33D-13CT-ND
| AS1359-3     U8        ; TOST23-5    ; 1.75        ; Digikey     ; AS1359-BTTT-30CT-ND
| CONN_10      P9        ;             
| CONN_10      P10       ;             
| CONN_2       P2        ;             
| CONN_2       P3        ;             
| CONN_2       P8        ;             
| CONN_2       P11       ;             
| CONN_2       P12       ;             
| CONN_3       P5        ;             
| CONN_6       P1        ;             
| CONN_7X2     P4        ;             
| CONN_9X2     P6        ;             
| CONN_9X2     P7        ;             
| DSPIC33ExxxMC50x-64TQFP U6        ; TQFP-64     ; 5.21        ; Digikey     ; DSPIC33EP128GP506-I/PT-ND
| JUMPER       JP1       ;             
| LED-B-285    D5        ; 0603        ; 0.194       ; Digikey     ; 475-2815-1-ND
| LED-G-2      D1        ; 0805        ; 0.068       ; Digikey     ; 475-1410-1-ND
| LED-G-2      D4        ; 0805        ; 0.068       ; Digikey     ; 475-1410-1-ND
| LED-G-2      D6        ; 0805        ; 0.068       ; Digikey     ; 475-1410-1-ND
| LED-R-18     D3        ; 0805        ; 0.068       ; Digikey     ; 475-1415-1-ND
| LED-Y-22     D2        ; 0805        ; 0.072       ; Digikey     ; 475-2560-1-ND
| MAG3110      U20       ; 10-VFDFN    ; 1.37        ; Digikey     ; MAG3110FCR1CT-ND
| MPU-6000     U22       ; 24-QFN      ; 10.72       ; Digikey     ; 1428-1005-1-ND
| RESISTOR_ARRAY U3        ; SOIC-16     ; 3.96        ; Digikey     ; 987-1076-ND 
| RGB_LED      U4        ; 4-PLCC      ; 0.65        ; Digikey     ; CLVBA-FKA-CC1F1L1BB7R3R3CT-ND
| SI1970DH     U23       ; 6-TSSOP     ; 0.53        ; Digikey     ; SI1970DH-T1-E3CT-ND
| SN65HVD232   U5        ; 8-SOIC      ; 2.01        ; Digikey     ; 296-26344-1-ND
| SW_PUSH      SW1       ;             
| TPS2113A     U2        ; 8-TSSOP     ; 2.15        ; Digikey     ; 296-16938-1-ND
#End Cmp

#End List
